
> admin@0.1.0 build
> next build

▲ Next.js 16.3.4 (Turbopack)
◇ injected env (11) from ../../.env
◇ injected env (0) from ../../.env.local
✓ Running next.config.ts took 39ms

  Creating an optimized production build ...
◇ injected env (0) from ../../.env
◇ injected env (0) from ../../.env.local
✓ Compiled successfully in 1084ms
  Running TypeScript ...
  Finished TypeScript in 2.8s ...
  Collecting page data using 5 workers ...
  Generating static pages using 5 workers (0/2) ...
✓ Generating static pages using 5 workers (2/2) in 200ms
  Finalizing page optimization ...

Route (app)
┌ ƒ /
├ ƒ /_not-found
├ ƒ /analytics
├ ƒ /api/uploads/r2
├ ƒ /categories
├ ƒ /categories/[id]
├ ƒ /categories/new
├ ƒ /games
├ ƒ /games/[id]
├ ƒ /games/new
├ ƒ /platforms
├ ƒ /platforms/[id]
├ ƒ /platforms/new
├ ƒ /sign-in/[[...sign-in]]
├ ƒ /staff
├ ƒ /users
└ ƒ /week


ƒ Proxy (Middleware)

ƒ  (Dynamic)  server-rendered on demand

