
> web@0.1.0 build
> next build

▲ Next.js 16.3.4 (Turbopack)
◇ injected env (11) from ../../.env
◇ injected env (0) from ../../.env.local
✓ Running next.config.ts took 39ms
- Experiments (use with caution):
  · optimizePackageImports

  Creating an optimized production build ...
◇ injected env (0) from ../../.env
◇ injected env (0) from ../../.env.local
✓ Compiled successfully in 1271ms
  Running TypeScript ...
  Finished TypeScript in 6.0s ...
  Collecting page data using 5 workers ...
  Generating static pages using 5 workers (0/12) ...
(node:22226) Warning: SECURITY WARNING: The SSL modes 'prefer', 'require', and 'verify-ca' are treated as aliases for 'verify-full'.
In the next major version (pg-connection-string v3.0.0 and pg v9.0.0), these modes will adopt standard libpq semantics, which have weaker security guarantees.

To prepare for this change:
- If you want the current behavior, explicitly use 'sslmode=verify-full'
- If you want libpq compatibility now, use 'uselibpqcompat=true&sslmode=require'

See https://www.postgresql.org/docs/current/libpq-ssl.html for libpq SSL mode definitions.
(Use `node --trace-warnings ...` to show where the warning was created)
  Generating static pages using 5 workers (3/12) 
  Generating static pages using 5 workers (6/12) 
  Generating static pages using 5 workers (9/12) 
✓ Generating static pages using 5 workers (12/12) in 2.9s
  Finalizing page optimization ...

Route (app)
┌ ƒ /
├ ƒ /_not-found
├ ƒ /analytics
├ ƒ /analytics/[slug]
├ ƒ /api/games/[slug]/reviews
├ ƒ /api/search
├ ƒ /api/uploads/r2
├ ƒ /bookmarks
├ ƒ /collections
├ ƒ /games/[slug]
├ ƒ /games/[slug]/edit
├ ƒ /games/[slug]/launch
├ ƒ /games/new
├ ƒ /out/[slug]
├ ƒ /profile
├ ƒ /settings
├ ƒ /u/[handle]
├ ƒ /u/[handle]/edit
└ ƒ /week/[year]/[week]


ƒ Proxy (Middleware)

ƒ  (Dynamic)  server-rendered on demand

